// Jest Snapshot v1, https://goo.gl/fbAQLP

exports[`Input Snapshot test should render the component correctly 1`] = `
<View
  style={
    Object {
      "height": 58,
      "width": 702,
    }
  }
>
  <Text
    style={
      Object {
        "color": "#656975",
        "fontFamily": "Encode Sans",
        "fontSize": 14,
        "fontWeight": "500",
        "marginBottom": 5,
      }
    }
  >
    Input
  </Text>
  <TextInput
    allowFontScaling={true}
    onBlur={[Function]}
    onChangeText={[Function]}
    onFocus={[Function]}
    onSubmitEditing={[Function]}
    placeholder="placeholder"
    rejectResponderTermination={true}
    secureTextEntry={false}
    style={
      Object {
        "borderColor": "#d7d8dc",
        "borderRadius": 4,
        "borderWidth": 1,
        "paddingBottom": 10.5,
        "paddingLeft": 16,
        "paddingTop": 8.5,
      }
    }
    underlineColorAndroid="transparent"
  />
</View>
`;
