// Jest Snapshot v1, https://goo.gl/fbAQLP

exports[`Button Snapshot test should render the component correctly 1`] = `
<View
  accessible={true}
  clickable={true}
  onClick={[Function]}
  onResponderGrant={[Function]}
  onResponderMove={[Function]}
  onResponderRelease={[Function]}
  onResponderTerminate={[Function]}
  onResponderTerminationRequest={[Function]}
  onStartShouldSetResponder={[Function]}
  style={
    Object {
      "alignItems": "center",
      "backgroundColor": "#3a659e",
      "borderRadius": 6,
      "height": 36,
      "justifyContent": "center",
      "marginLeft": 24,
      "marginRight": 24,
      "shadowColor": "#000",
      "shadowOffset": Object {
        "height": 1,
        "width": 1,
      },
      "shadowOpacity": 0.2,
      "width": 702,
    }
  }
>
  <Text
    style={
      Object {
        "color": "white",
        "fontFamily": "Encode Sans",
        "fontSize": 14,
        "fontWeight": "500",
        "textTransform": "uppercase",
      }
    }
  >
    Button
  </Text>
</View>
`;
